// Jest Snapshot v1, https://goo.gl/fbAQLP

exports[`Adds a story to dom without crashing renders without crashing 1`] = `null`;
