// Jest Snapshot v1, https://goo.gl/fbAQLP

exports[`Renders start page to dom without crashing renders checkpoint win crashing 1`] = `null`;
