// Jest Snapshot v1, https://goo.gl/fbAQLP

exports[`Adds word to dom without crashing renders without crashing 1`] = `
<p
  className="word"
>
  hello
</p>
`;
